This file contains any messages produced by compilers while
running configure, to aid debugging if configure makes a mistake.

It was created by jp2a configure 1.0.6, which was
generated by GNU Autoconf 2.60.  Invocation command line was

  $ ./configure --prefix=/home/snehadip/mtech_user/cs26mt010/lab3/task1/jp2a-1.0.6

## --------- ##
## Platform. ##
## --------- ##

hostname = DESKTOP-8N9R47Q
uname -m = x86_64
uname -r = 5.15.153.1-microsoft-standard-WSL2
uname -s = Linux
uname -v = #1 SMP Fri Mar 29 23:14:13 UTC 2024

/usr/bin/uname -p = x86_64
/bin/uname -X     = unknown

/bin/arch              = x86_64
/usr/bin/arch -k       = unknown
/usr/convex/getsysinfo = unknown
/usr/bin/hostinfo      = unknown
/bin/machine           = unknown
/usr/bin/oslevel       = unknown
/bin/universe          = unknown

PATH: /usr/local/sbin
PATH: /usr/local/bin
PATH: /usr/sbin
PATH: /usr/bin
PATH: /sbin
PATH: /bin
PATH: /usr/games
PATH: /usr/local/games
PATH: /usr/lib/wsl/lib
PATH: /mnt/c/oraclexe/app/oracle/product/10.2.0/server/bin
PATH: /mnt/c/Python312/Scripts/
PATH: /mnt/c/Python312/
PATH: /mnt/c/Program Files/Eclipse Adoptium/jdk-17.0.12.7-hotspot/bin
PATH: /mnt/c/WINDOWS/system32
PATH: /mnt/c/WINDOWS
PATH: /mnt/c/WINDOWS/System32/Wbem
PATH: /mnt/c/WINDOWS/System32/WindowsPowerShell/v1.0/
PATH: /mnt/c/WINDOWS/System32/OpenSSH/
PATH: /mnt/c/Program Files/nodejs/
PATH: /mnt/c/ProgramData/chocolatey/bin
PATH: /mnt/c/Program Files/Git/cmd
PATH: /mnt/d/sneha/bin
PATH: /mnt/c/Program Files/CMake/bin
PATH: /mnt/c/MinGW/bin
PATH: /mnt/c/Program Files/dotnet/
PATH: /mnt/c/Program Files/Tesseract-OCR/
PATH: /mnt/c/Users/sneha/anaconda3
PATH: /mnt/c/Users/sneha/anaconda3/Library/mingw-w64/bin
PATH: /mnt/c/Users/sneha/anaconda3/Library/usr/bin
PATH: /mnt/c/Users/sneha/anaconda3/Library/bin
PATH: /mnt/c/Users/sneha/anaconda3/Scripts
PATH: /mnt/c/Users/sneha/AppData/Local/Microsoft/WindowsApps
PATH: /mnt/c/Users/sneha/AppData/Local/Programs/Microsoft VS Code/bin
PATH: /mnt/c/Users/sneha/AppData/Roaming/npm
PATH: /mnt/c/Users/sneha/AppData/Local/GitHubDesktop/bin
PATH: /mnt/c/Program Files/JetBrains/PyCharm 2025.1.1/bin
PATH: /snap/bin


## ----------- ##
## Core tests. ##
## ----------- ##

configure:1772: checking for a BSD-compatible install
configure:1828: result: /usr/bin/install -c
configure:1839: checking whether build environment is sane
configure:1882: result: yes
configure:1947: checking for gawk
configure:1963: found /usr/bin/gawk
configure:1974: result: gawk
configure:1985: checking whether make sets $(MAKE)
configure:2006: result: yes
configure:2246: checking for gcc
configure:2262: found /usr/bin/gcc
configure:2273: result: gcc
configure:2511: checking for C compiler version
configure:2518: gcc --version >&5
gcc (Ubuntu 11.4.0-1ubuntu1~22.04) 11.4.0
Copyright (C) 2021 Free Software Foundation, Inc.
This is free software; see the source for copying conditions.  There is NO
warranty; not even for MERCHANTABILITY or FITNESS FOR A PARTICULAR PURPOSE.

configure:2521: $? = 0
configure:2528: gcc -v >&5
Using built-in specs.
COLLECT_GCC=gcc
COLLECT_LTO_WRAPPER=/usr/lib/gcc/x86_64-linux-gnu/11/lto-wrapper
OFFLOAD_TARGET_NAMES=nvptx-none:amdgcn-amdhsa
OFFLOAD_TARGET_DEFAULT=1
Target: x86_64-linux-gnu
Configured with: ../src/configure -v --with-pkgversion='Ubuntu 11.4.0-1ubuntu1~22.04' --with-bugurl=file:///usr/share/doc/gcc-11/README.Bugs --enable-languages=c,ada,c++,go,brig,d,fortran,objc,obj-c++,m2 --prefix=/usr --with-gcc-major-version-only --program-suffix=-11 --program-prefix=x86_64-linux-gnu- --enable-shared --enable-linker-build-id --libexecdir=/usr/lib --without-included-gettext --enable-threads=posix --libdir=/usr/lib --enable-nls --enable-bootstrap --enable-clocale=gnu --enable-libstdcxx-debug --enable-libstdcxx-time=yes --with-default-libstdcxx-abi=new --enable-gnu-unique-object --disable-vtable-verify --enable-plugin --enable-default-pie --with-system-zlib --enable-libphobos-checking=release --with-target-system-zlib=auto --enable-objc-gc=auto --enable-multiarch --disable-werror --enable-cet --with-arch-32=i686 --with-abi=m64 --with-multilib-list=m32,m64,mx32 --enable-multilib --with-tune=generic --enable-offload-targets=nvptx-none=/build/gcc-11-XeT9lY/gcc-11-11.4.0/debian/tmp-nvptx/usr,amdgcn-amdhsa=/build/gcc-11-XeT9lY/gcc-11-11.4.0/debian/tmp-gcn/usr --without-cuda-driver --enable-checking=release --build=x86_64-linux-gnu --host=x86_64-linux-gnu --target=x86_64-linux-gnu --with-build-config=bootstrap-lto-lean --enable-link-serialization=2
Thread model: posix
Supported LTO compression algorithms: zlib zstd
gcc version 11.4.0 (Ubuntu 11.4.0-1ubuntu1~22.04) 
configure:2531: $? = 0
configure:2538: gcc -V >&5
gcc: error: unrecognized command-line option '-V'
gcc: fatal error: no input files
compilation terminated.
configure:2541: $? = 1
configure:2564: checking for C compiler default output file name
configure:2591: gcc    conftest.c  >&5
configure:2594: $? = 0
configure:2640: result: a.out
configure:2645: checking whether the C compiler works
configure:2655: ./a.out
configure:2658: $? = 0
configure:2675: result: yes
configure:2682: checking whether we are cross compiling
configure:2684: result: no
configure:2687: checking for suffix of executables
configure:2694: gcc -o conftest    conftest.c  >&5
configure:2697: $? = 0
configure:2721: result: 
configure:2727: checking for suffix of object files
configure:2753: gcc -c   conftest.c >&5
configure:2756: $? = 0
configure:2779: result: o
configure:2783: checking whether we are using the GNU C compiler
configure:2812: gcc -c   conftest.c >&5
configure:2818: $? = 0
configure:2825: test -z "$ac_c_werror_flag" || test ! -s conftest.err
configure:2828: $? = 0
configure:2835: test -s conftest.o
configure:2838: $? = 0
configure:2852: result: yes
configure:2857: checking whether gcc accepts -g
configure:2887: gcc -c -g  conftest.c >&5
configure:2893: $? = 0
configure:2900: test -z "$ac_c_werror_flag" || test ! -s conftest.err
configure:2903: $? = 0
configure:2910: test -s conftest.o
configure:2913: $? = 0
configure:3043: result: yes
configure:3060: checking for gcc option to accept ISO C89
configure:3134: gcc  -c -g -O2  conftest.c >&5
configure:3140: $? = 0
configure:3147: test -z "$ac_c_werror_flag" || test ! -s conftest.err
configure:3150: $? = 0
configure:3157: test -s conftest.o
configure:3160: $? = 0
configure:3180: result: none needed
configure:3209: checking for style of include used by make
configure:3237: result: GNU
configure:3265: checking dependency style of gcc
configure:3355: result: gcc3
configure:3405: checking for jpeg_start_decompress in -ljpeg
configure:3440: gcc -o conftest -g -O2   conftest.c -ljpeg   >&5
configure:3446: $? = 0
configure:3453: test -z "$ac_c_werror_flag" || test ! -s conftest.err
configure:3456: $? = 0
configure:3463: test -s conftest
configure:3466: $? = 0
configure:3480: result: yes
configure:3515: checking enable-curl
configure:3517: result: yes
configure:3525: checking for curl-config
configure:3558: result: no
configure:3588: checking for curl_easy_init in -lcurl
configure:3623: gcc -o conftest -g -O2   conftest.c -lcurl   -ljpeg >&5
/usr/bin/ld: cannot find -lcurl: No such file or directory
collect2: error: ld returned 1 exit status
configure:3629: $? = 1
configure: failed program was:
| /* confdefs.h.  */
| #define PACKAGE_NAME "jp2a"
| #define PACKAGE_TARNAME "jp2a"
| #define PACKAGE_VERSION "1.0.6"
| #define PACKAGE_STRING "jp2a 1.0.6"
| #define PACKAGE_BUGREPORT "csl@sublevel3.org"
| #define PACKAGE "jp2a"
| #define VERSION "1.0.6"
| /* end confdefs.h.  */
| 
| /* Override any GCC internal prototype to avoid an error.
|    Use char because int might match the return type of a GCC
|    builtin and then its argument prototype would still apply.  */
| #ifdef __cplusplus
| extern "C"
| #endif
| char curl_easy_init ();
| int
| main ()
| {
| return curl_easy_init ();
|   ;
|   return 0;
| }
configure:3663: result: no
configure:3673: WARNING: I need a working libcurl (use --with-curl-config=PATH); download-support will be disabled
configure:3687: checking how to run the C preprocessor
configure:3727: gcc -E  conftest.c
configure:3733: $? = 0
configure:3771: gcc -E  conftest.c
conftest.c:10:10: fatal error: ac_nonexistent.h: No such file or directory
   10 | #include <ac_nonexistent.h>
      |          ^~~~~~~~~~~~~~~~~~
compilation terminated.
configure:3777: $? = 1
configure: failed program was:
| /* confdefs.h.  */
| #define PACKAGE_NAME "jp2a"
| #define PACKAGE_TARNAME "jp2a"
| #define PACKAGE_VERSION "1.0.6"
| #define PACKAGE_STRING "jp2a 1.0.6"
| #define PACKAGE_BUGREPORT "csl@sublevel3.org"
| #define PACKAGE "jp2a"
| #define VERSION "1.0.6"
| /* end confdefs.h.  */
| #include <ac_nonexistent.h>
configure:3817: result: gcc -E
configure:3846: gcc -E  conftest.c
configure:3852: $? = 0
configure:3890: gcc -E  conftest.c
conftest.c:10:10: fatal error: ac_nonexistent.h: No such file or directory
   10 | #include <ac_nonexistent.h>
      |          ^~~~~~~~~~~~~~~~~~
compilation terminated.
configure:3896: $? = 1
configure: failed program was:
| /* confdefs.h.  */
| #define PACKAGE_NAME "jp2a"
| #define PACKAGE_TARNAME "jp2a"
| #define PACKAGE_VERSION "1.0.6"
| #define PACKAGE_STRING "jp2a 1.0.6"
| #define PACKAGE_BUGREPORT "csl@sublevel3.org"
| #define PACKAGE "jp2a"
| #define VERSION "1.0.6"
| /* end confdefs.h.  */
| #include <ac_nonexistent.h>
configure:3941: checking for grep that handles long lines and -e
configure:4015: result: /usr/bin/grep
configure:4020: checking for egrep
configure:4098: result: /usr/bin/grep -E
configure:4103: checking for ANSI C header files
configure:4133: gcc -c -g -O2  conftest.c >&5
configure:4139: $? = 0
configure:4146: test -z "$ac_c_werror_flag" || test ! -s conftest.err
configure:4149: $? = 0
configure:4156: test -s conftest.o
configure:4159: $? = 0
configure:4255: gcc -o conftest -g -O2   conftest.c  -ljpeg >&5
configure:4258: $? = 0
configure:4264: ./conftest
configure:4267: $? = 0
configure:4284: result: yes
configure:4309: checking for sys/types.h
configure:4330: gcc -c -g -O2  conftest.c >&5
configure:4336: $? = 0
configure:4343: test -z "$ac_c_werror_flag" || test ! -s conftest.err
configure:4346: $? = 0
configure:4353: test -s conftest.o
configure:4356: $? = 0
configure:4369: result: yes
configure:4309: checking for sys/stat.h
configure:4330: gcc -c -g -O2  conftest.c >&5
configure:4336: $? = 0
configure:4343: test -z "$ac_c_werror_flag" || test ! -s conftest.err
configure:4346: $? = 0
configure:4353: test -s conftest.o
configure:4356: $? = 0
configure:4369: result: yes
configure:4309: checking for stdlib.h
configure:4330: gcc -c -g -O2  conftest.c >&5
configure:4336: $? = 0
configure:4343: test -z "$ac_c_werror_flag" || test ! -s conftest.err
configure:4346: $? = 0
configure:4353: test -s conftest.o
configure:4356: $? = 0
configure:4369: result: yes
configure:4309: checking for string.h
configure:4330: gcc -c -g -O2  conftest.c >&5
configure:4336: $? = 0
configure:4343: test -z "$ac_c_werror_flag" || test ! -s conftest.err
configure:4346: $? = 0
configure:4353: test -s conftest.o
configure:4356: $? = 0
configure:4369: result: yes
configure:4309: checking for memory.h
configure:4330: gcc -c -g -O2  conftest.c >&5
configure:4336: $? = 0
configure:4343: test -z "$ac_c_werror_flag" || test ! -s conftest.err
configure:4346: $? = 0
configure:4353: test -s conftest.o
configure:4356: $? = 0
configure:4369: result: yes
configure:4309: checking for strings.h
configure:4330: gcc -c -g -O2  conftest.c >&5
configure:4336: $? = 0
configure:4343: test -z "$ac_c_werror_flag" || test ! -s conftest.err
configure:4346: $? = 0
configure:4353: test -s conftest.o
configure:4356: $? = 0
configure:4369: result: yes
configure:4309: checking for inttypes.h
configure:4330: gcc -c -g -O2  conftest.c >&5
configure:4336: $? = 0
configure:4343: test -z "$ac_c_werror_flag" || test ! -s conftest.err
configure:4346: $? = 0
configure:4353: test -s conftest.o
configure:4356: $? = 0
configure:4369: result: yes
configure:4309: checking for stdint.h
configure:4330: gcc -c -g -O2  conftest.c >&5
configure:4336: $? = 0
configure:4343: test -z "$ac_c_werror_flag" || test ! -s conftest.err
configure:4346: $? = 0
configure:4353: test -s conftest.o
configure:4356: $? = 0
configure:4369: result: yes
configure:4309: checking for unistd.h
configure:4330: gcc -c -g -O2  conftest.c >&5
configure:4336: $? = 0
configure:4343: test -z "$ac_c_werror_flag" || test ! -s conftest.err
configure:4346: $? = 0
configure:4353: test -s conftest.o
configure:4356: $? = 0
configure:4369: result: yes
configure:4391: checking jpeglib.h usability
configure:4408: gcc -c -g -O2  conftest.c >&5
configure:4414: $? = 0
configure:4421: test -z "$ac_c_werror_flag" || test ! -s conftest.err
configure:4424: $? = 0
configure:4431: test -s conftest.o
configure:4434: $? = 0
configure:4445: result: yes
configure:4449: checking jpeglib.h presence
configure:4464: gcc -E  conftest.c
configure:4470: $? = 0
configure:4491: result: yes
configure:4524: checking for jpeglib.h
configure:4531: result: yes
configure:4736: checking fcntl.h usability
configure:4753: gcc -c -g -O2  conftest.c >&5
configure:4759: $? = 0
configure:4766: test -z "$ac_c_werror_flag" || test ! -s conftest.err
configure:4769: $? = 0
configure:4776: test -s conftest.o
configure:4779: $? = 0
configure:4790: result: yes
configure:4794: checking fcntl.h presence
configure:4809: gcc -E  conftest.c
configure:4815: $? = 0
configure:4836: result: yes
configure:4869: checking for fcntl.h
configure:4877: result: yes
configure:4736: checking curses.h usability
configure:4753: gcc -c -g -O2  conftest.c >&5
conftest.c:55:10: fatal error: curses.h: No such file or directory
   55 | #include <curses.h>
      |          ^~~~~~~~~~
compilation terminated.
configure:4759: $? = 1
configure: failed program was:
| /* confdefs.h.  */
| #define PACKAGE_NAME "jp2a"
| #define PACKAGE_TARNAME "jp2a"
| #define PACKAGE_VERSION "1.0.6"
| #define PACKAGE_STRING "jp2a 1.0.6"
| #define PACKAGE_BUGREPORT "csl@sublevel3.org"
| #define PACKAGE "jp2a"
| #define VERSION "1.0.6"
| #define STDC_HEADERS 1
| #define HAVE_SYS_TYPES_H 1
| #define HAVE_SYS_STAT_H 1
| #define HAVE_STDLIB_H 1
| #define HAVE_STRING_H 1
| #define HAVE_MEMORY_H 1
| #define HAVE_STRINGS_H 1
| #define HAVE_INTTYPES_H 1
| #define HAVE_STDINT_H 1
| #define HAVE_UNISTD_H 1
| #define HAVE_JPEGLIB_H 1
| #define HAVE_FCNTL_H 1
| /* end confdefs.h.  */
| #include <stdio.h>
| #if HAVE_SYS_TYPES_H
| # include <sys/types.h>
| #endif
| #if HAVE_SYS_STAT_H
| # include <sys/stat.h>
| #endif
| #if STDC_HEADERS
| # include <stdlib.h>
| # include <stddef.h>
| #else
| # if HAVE_STDLIB_H
| #  include <stdlib.h>
| # endif
| #endif
| #if HAVE_STRING_H
| # if !STDC_HEADERS && HAVE_MEMORY_H
| #  include <memory.h>
| # endif
| # include <string.h>
| #endif
| #if HAVE_STRINGS_H
| # include <strings.h>
| #endif
| #if HAVE_INTTYPES_H
| # include <inttypes.h>
| #endif
| #if HAVE_STDINT_H
| # include <stdint.h>
| #endif
| #if HAVE_UNISTD_H
| # include <unistd.h>
| #endif
| #include <curses.h>
configure:4790: result: no
configure:4794: checking curses.h presence
configure:4809: gcc -E  conftest.c
conftest.c:22:10: fatal error: curses.h: No such file or directory
   22 | #include <curses.h>
      |          ^~~~~~~~~~
compilation terminated.
configure:4815: $? = 1
configure: failed program was:
| /* confdefs.h.  */
| #define PACKAGE_NAME "jp2a"
| #define PACKAGE_TARNAME "jp2a"
| #define PACKAGE_VERSION "1.0.6"
| #define PACKAGE_STRING "jp2a 1.0.6"
| #define PACKAGE_BUGREPORT "csl@sublevel3.org"
| #define PACKAGE "jp2a"
| #define VERSION "1.0.6"
| #define STDC_HEADERS 1
| #define HAVE_SYS_TYPES_H 1
| #define HAVE_SYS_STAT_H 1
| #define HAVE_STDLIB_H 1
| #define HAVE_STRING_H 1
| #define HAVE_MEMORY_H 1
| #define HAVE_STRINGS_H 1
| #define HAVE_INTTYPES_H 1
| #define HAVE_STDINT_H 1
| #define HAVE_UNISTD_H 1
| #define HAVE_JPEGLIB_H 1
| #define HAVE_FCNTL_H 1
| /* end confdefs.h.  */
| #include <curses.h>
configure:4836: result: no
configure:4869: checking for curses.h
configure:4877: result: no
configure:4736: checking term.h usability
configure:4753: gcc -c -g -O2  conftest.c >&5
conftest.c:55:10: fatal error: term.h: No such file or directory
   55 | #include <term.h>
      |          ^~~~~~~~
compilation terminated.
configure:4759: $? = 1
configure: failed program was:
| /* confdefs.h.  */
| #define PACKAGE_NAME "jp2a"
| #define PACKAGE_TARNAME "jp2a"
| #define PACKAGE_VERSION "1.0.6"
| #define PACKAGE_STRING "jp2a 1.0.6"
| #define PACKAGE_BUGREPORT "csl@sublevel3.org"
| #define PACKAGE "jp2a"
| #define VERSION "1.0.6"
| #define STDC_HEADERS 1
| #define HAVE_SYS_TYPES_H 1
| #define HAVE_SYS_STAT_H 1
| #define HAVE_STDLIB_H 1
| #define HAVE_STRING_H 1
| #define HAVE_MEMORY_H 1
| #define HAVE_STRINGS_H 1
| #define HAVE_INTTYPES_H 1
| #define HAVE_STDINT_H 1
| #define HAVE_UNISTD_H 1
| #define HAVE_JPEGLIB_H 1
| #define HAVE_FCNTL_H 1
| /* end confdefs.h.  */
| #include <stdio.h>
| #if HAVE_SYS_TYPES_H
| # include <sys/types.h>
| #endif
| #if HAVE_SYS_STAT_H
| # include <sys/stat.h>
| #endif
| #if STDC_HEADERS
| # include <stdlib.h>
| # include <stddef.h>
| #else
| # if HAVE_STDLIB_H
| #  include <stdlib.h>
| # endif
| #endif
| #if HAVE_STRING_H
| # if !STDC_HEADERS && HAVE_MEMORY_H
| #  include <memory.h>
| # endif
| # include <string.h>
| #endif
| #if HAVE_STRINGS_H
| # include <strings.h>
| #endif
| #if HAVE_INTTYPES_H
| # include <inttypes.h>
| #endif
| #if HAVE_STDINT_H
| # include <stdint.h>
| #endif
| #if HAVE_UNISTD_H
| # include <unistd.h>
| #endif
| #include <term.h>
configure:4790: result: no
configure:4794: checking term.h presence
configure:4809: gcc -E  conftest.c
conftest.c:22:10: fatal error: term.h: No such file or directory
   22 | #include <term.h>
      |          ^~~~~~~~
compilation terminated.
configure:4815: $? = 1
configure: failed program was:
| /* confdefs.h.  */
| #define PACKAGE_NAME "jp2a"
| #define PACKAGE_TARNAME "jp2a"
| #define PACKAGE_VERSION "1.0.6"
| #define PACKAGE_STRING "jp2a 1.0.6"
| #define PACKAGE_BUGREPORT "csl@sublevel3.org"
| #define PACKAGE "jp2a"
| #define VERSION "1.0.6"
| #define STDC_HEADERS 1
| #define HAVE_SYS_TYPES_H 1
| #define HAVE_SYS_STAT_H 1
| #define HAVE_STDLIB_H 1
| #define HAVE_STRING_H 1
| #define HAVE_MEMORY_H 1
| #define HAVE_STRINGS_H 1
| #define HAVE_INTTYPES_H 1
| #define HAVE_STDINT_H 1
| #define HAVE_UNISTD_H 1
| #define HAVE_JPEGLIB_H 1
| #define HAVE_FCNTL_H 1
| /* end confdefs.h.  */
| #include <term.h>
configure:4836: result: no
configure:4869: checking for term.h
configure:4877: result: no
configure:4736: checking ncurses/term.h usability
configure:4753: gcc -c -g -O2  conftest.c >&5
conftest.c:55:10: fatal error: ncurses/term.h: No such file or directory
   55 | #include <ncurses/term.h>
      |          ^~~~~~~~~~~~~~~~
compilation terminated.
configure:4759: $? = 1
configure: failed program was:
| /* confdefs.h.  */
| #define PACKAGE_NAME "jp2a"
| #define PACKAGE_TARNAME "jp2a"
| #define PACKAGE_VERSION "1.0.6"
| #define PACKAGE_STRING "jp2a 1.0.6"
| #define PACKAGE_BUGREPORT "csl@sublevel3.org"
| #define PACKAGE "jp2a"
| #define VERSION "1.0.6"
| #define STDC_HEADERS 1
| #define HAVE_SYS_TYPES_H 1
| #define HAVE_SYS_STAT_H 1
| #define HAVE_STDLIB_H 1
| #define HAVE_STRING_H 1
| #define HAVE_MEMORY_H 1
| #define HAVE_STRINGS_H 1
| #define HAVE_INTTYPES_H 1
| #define HAVE_STDINT_H 1
| #define HAVE_UNISTD_H 1
| #define HAVE_JPEGLIB_H 1
| #define HAVE_FCNTL_H 1
| /* end confdefs.h.  */
| #include <stdio.h>
| #if HAVE_SYS_TYPES_H
| # include <sys/types.h>
| #endif
| #if HAVE_SYS_STAT_H
| # include <sys/stat.h>
| #endif
| #if STDC_HEADERS
| # include <stdlib.h>
| # include <stddef.h>
| #else
| # if HAVE_STDLIB_H
| #  include <stdlib.h>
| # endif
| #endif
| #if HAVE_STRING_H
| # if !STDC_HEADERS && HAVE_MEMORY_H
| #  include <memory.h>
| # endif
| # include <string.h>
| #endif
| #if HAVE_STRINGS_H
| # include <strings.h>
| #endif
| #if HAVE_INTTYPES_H
| # include <inttypes.h>
| #endif
| #if HAVE_STDINT_H
| # include <stdint.h>
| #endif
| #if HAVE_UNISTD_H
| # include <unistd.h>
| #endif
| #include <ncurses/term.h>
configure:4790: result: no
configure:4794: checking ncurses/term.h presence
configure:4809: gcc -E  conftest.c
conftest.c:22:10: fatal error: ncurses/term.h: No such file or directory
   22 | #include <ncurses/term.h>
      |          ^~~~~~~~~~~~~~~~
compilation terminated.
configure:4815: $? = 1
configure: failed program was:
| /* confdefs.h.  */
| #define PACKAGE_NAME "jp2a"
| #define PACKAGE_TARNAME "jp2a"
| #define PACKAGE_VERSION "1.0.6"
| #define PACKAGE_STRING "jp2a 1.0.6"
| #define PACKAGE_BUGREPORT "csl@sublevel3.org"
| #define PACKAGE "jp2a"
| #define VERSION "1.0.6"
| #define STDC_HEADERS 1
| #define HAVE_SYS_TYPES_H 1
| #define HAVE_SYS_STAT_H 1
| #define HAVE_STDLIB_H 1
| #define HAVE_STRING_H 1
| #define HAVE_MEMORY_H 1
| #define HAVE_STRINGS_H 1
| #define HAVE_INTTYPES_H 1
| #define HAVE_STDINT_H 1
| #define HAVE_UNISTD_H 1
| #define HAVE_JPEGLIB_H 1
| #define HAVE_FCNTL_H 1
| /* end confdefs.h.  */
| #include <ncurses/term.h>
configure:4836: result: no
configure:4869: checking for ncurses/term.h
configure:4877: result: no
configure:4900: checking for tgetent in -lncurses
configure:4935: gcc -o conftest -g -O2   conftest.c -lncurses   -ljpeg >&5
/usr/bin/ld: cannot find -lncurses: No such file or directory
collect2: error: ld returned 1 exit status
configure:4941: $? = 1
configure: failed program was:
| /* confdefs.h.  */
| #define PACKAGE_NAME "jp2a"
| #define PACKAGE_TARNAME "jp2a"
| #define PACKAGE_VERSION "1.0.6"
| #define PACKAGE_STRING "jp2a 1.0.6"
| #define PACKAGE_BUGREPORT "csl@sublevel3.org"
| #define PACKAGE "jp2a"
| #define VERSION "1.0.6"
| #define STDC_HEADERS 1
| #define HAVE_SYS_TYPES_H 1
| #define HAVE_SYS_STAT_H 1
| #define HAVE_STDLIB_H 1
| #define HAVE_STRING_H 1
| #define HAVE_MEMORY_H 1
| #define HAVE_STRINGS_H 1
| #define HAVE_INTTYPES_H 1
| #define HAVE_STDINT_H 1
| #define HAVE_UNISTD_H 1
| #define HAVE_JPEGLIB_H 1
| #define HAVE_FCNTL_H 1
| /* end confdefs.h.  */
| 
| /* Override any GCC internal prototype to avoid an error.
|    Use char because int might match the return type of a GCC
|    builtin and then its argument prototype would still apply.  */
| #ifdef __cplusplus
| extern "C"
| #endif
| char tgetent ();
| int
| main ()
| {
| return tgetent ();
|   ;
|   return 0;
| }
configure:4976: result: no
configure:4900: checking for tgetent in -lcurses
configure:4935: gcc -o conftest -g -O2   conftest.c -lcurses   -ljpeg >&5
/usr/bin/ld: cannot find -lcurses: No such file or directory
collect2: error: ld returned 1 exit status
configure:4941: $? = 1
configure: failed program was:
| /* confdefs.h.  */
| #define PACKAGE_NAME "jp2a"
| #define PACKAGE_TARNAME "jp2a"
| #define PACKAGE_VERSION "1.0.6"
| #define PACKAGE_STRING "jp2a 1.0.6"
| #define PACKAGE_BUGREPORT "csl@sublevel3.org"
| #define PACKAGE "jp2a"
| #define VERSION "1.0.6"
| #define STDC_HEADERS 1
| #define HAVE_SYS_TYPES_H 1
| #define HAVE_SYS_STAT_H 1
| #define HAVE_STDLIB_H 1
| #define HAVE_STRING_H 1
| #define HAVE_MEMORY_H 1
| #define HAVE_STRINGS_H 1
| #define HAVE_INTTYPES_H 1
| #define HAVE_STDINT_H 1
| #define HAVE_UNISTD_H 1
| #define HAVE_JPEGLIB_H 1
| #define HAVE_FCNTL_H 1
| /* end confdefs.h.  */
| 
| /* Override any GCC internal prototype to avoid an error.
|    Use char because int might match the return type of a GCC
|    builtin and then its argument prototype would still apply.  */
| #ifdef __cplusplus
| extern "C"
| #endif
| char tgetent ();
| int
| main ()
| {
| return tgetent ();
|   ;
|   return 0;
| }
configure:4976: result: no
configure:4900: checking for tgetent in -ltermlib
configure:4935: gcc -o conftest -g -O2   conftest.c -ltermlib   -ljpeg >&5
/usr/bin/ld: cannot find -ltermlib: No such file or directory
collect2: error: ld returned 1 exit status
configure:4941: $? = 1
configure: failed program was:
| /* confdefs.h.  */
| #define PACKAGE_NAME "jp2a"
| #define PACKAGE_TARNAME "jp2a"
| #define PACKAGE_VERSION "1.0.6"
| #define PACKAGE_STRING "jp2a 1.0.6"
| #define PACKAGE_BUGREPORT "csl@sublevel3.org"
| #define PACKAGE "jp2a"
| #define VERSION "1.0.6"
| #define STDC_HEADERS 1
| #define HAVE_SYS_TYPES_H 1
| #define HAVE_SYS_STAT_H 1
| #define HAVE_STDLIB_H 1
| #define HAVE_STRING_H 1
| #define HAVE_MEMORY_H 1
| #define HAVE_STRINGS_H 1
| #define HAVE_INTTYPES_H 1
| #define HAVE_STDINT_H 1
| #define HAVE_UNISTD_H 1
| #define HAVE_JPEGLIB_H 1
| #define HAVE_FCNTL_H 1
| /* end confdefs.h.  */
| 
| /* Override any GCC internal prototype to avoid an error.
|    Use char because int might match the return type of a GCC
|    builtin and then its argument prototype would still apply.  */
| #ifdef __cplusplus
| extern "C"
| #endif
| char tgetent ();
| int
| main ()
| {
| return tgetent ();
|   ;
|   return 0;
| }
configure:4976: result: no
configure:4900: checking for tgetent in -ltermcap
configure:4935: gcc -o conftest -g -O2   conftest.c -ltermcap   -ljpeg >&5
/usr/bin/ld: cannot find -ltermcap: No such file or directory
collect2: error: ld returned 1 exit status
configure:4941: $? = 1
configure: failed program was:
| /* confdefs.h.  */
| #define PACKAGE_NAME "jp2a"
| #define PACKAGE_TARNAME "jp2a"
| #define PACKAGE_VERSION "1.0.6"
| #define PACKAGE_STRING "jp2a 1.0.6"
| #define PACKAGE_BUGREPORT "csl@sublevel3.org"
| #define PACKAGE "jp2a"
| #define VERSION "1.0.6"
| #define STDC_HEADERS 1
| #define HAVE_SYS_TYPES_H 1
| #define HAVE_SYS_STAT_H 1
| #define HAVE_STDLIB_H 1
| #define HAVE_STRING_H 1
| #define HAVE_MEMORY_H 1
| #define HAVE_STRINGS_H 1
| #define HAVE_INTTYPES_H 1
| #define HAVE_STDINT_H 1
| #define HAVE_UNISTD_H 1
| #define HAVE_JPEGLIB_H 1
| #define HAVE_FCNTL_H 1
| /* end confdefs.h.  */
| 
| /* Override any GCC internal prototype to avoid an error.
|    Use char because int might match the return type of a GCC
|    builtin and then its argument prototype would still apply.  */
| #ifdef __cplusplus
| extern "C"
| #endif
| char tgetent ();
| int
| main ()
| {
| return tgetent ();
|   ;
|   return 0;
| }
configure:4976: result: no
configure:4900: checking for tgetent in -lterminfo
configure:4935: gcc -o conftest -g -O2   conftest.c -lterminfo   -ljpeg >&5
/usr/bin/ld: cannot find -lterminfo: No such file or directory
collect2: error: ld returned 1 exit status
configure:4941: $? = 1
configure: failed program was:
| /* confdefs.h.  */
| #define PACKAGE_NAME "jp2a"
| #define PACKAGE_TARNAME "jp2a"
| #define PACKAGE_VERSION "1.0.6"
| #define PACKAGE_STRING "jp2a 1.0.6"
| #define PACKAGE_BUGREPORT "csl@sublevel3.org"
| #define PACKAGE "jp2a"
| #define VERSION "1.0.6"
| #define STDC_HEADERS 1
| #define HAVE_SYS_TYPES_H 1
| #define HAVE_SYS_STAT_H 1
| #define HAVE_STDLIB_H 1
| #define HAVE_STRING_H 1
| #define HAVE_MEMORY_H 1
| #define HAVE_STRINGS_H 1
| #define HAVE_INTTYPES_H 1
| #define HAVE_STDINT_H 1
| #define HAVE_UNISTD_H 1
| #define HAVE_JPEGLIB_H 1
| #define HAVE_FCNTL_H 1
| /* end confdefs.h.  */
| 
| /* Override any GCC internal prototype to avoid an error.
|    Use char because int might match the return type of a GCC
|    builtin and then its argument prototype would still apply.  */
| #ifdef __cplusplus
| extern "C"
| #endif
| char tgetent ();
| int
| main ()
| {
| return tgetent ();
|   ;
|   return 0;
| }
configure:4976: result: no
configure:4986: WARNING: probably need a terminal library, one of: ncurses curses termlib termcap terminfo
configure:5001: checking for an ANSI C-conforming const
configure:5076: gcc -c -g -O2  conftest.c >&5
configure:5082: $? = 0
configure:5089: test -z "$ac_c_werror_flag" || test ! -s conftest.err
configure:5092: $? = 0
configure:5099: test -s conftest.o
configure:5102: $? = 0
configure:5114: result: yes
configure:5124: checking for size_t
configure:5154: gcc -c -g -O2  conftest.c >&5
configure:5160: $? = 0
configure:5167: test -z "$ac_c_werror_flag" || test ! -s conftest.err
configure:5170: $? = 0
configure:5177: test -s conftest.o
configure:5180: $? = 0
configure:5192: result: yes
configure:5210: checking for memset
configure:5266: gcc -o conftest -g -O2   conftest.c  -ljpeg >&5
conftest.c:45:6: warning: conflicting types for built-in function 'memset'; expected 'void *(void *, int,  long unsigned int)' [-Wbuiltin-declaration-mismatch]
   45 | char memset ();
      |      ^~~~~~
conftest.c:33:1: note: 'memset' is declared in header '<string.h>'
   32 | # include <limits.h>
   33 | #else
configure:5272: $? = 0
configure:5279: test -z "$ac_c_werror_flag" || test ! -s conftest.err
configure:5282: $? = 0
configure:5289: test -s conftest
configure:5292: $? = 0
configure:5306: result: yes
configure:5320: checking for atexit
configure:5376: gcc -o conftest -g -O2   conftest.c  -ljpeg >&5
configure:5382: $? = 0
configure:5389: test -z "$ac_c_werror_flag" || test ! -s conftest.err
configure:5392: $? = 0
configure:5399: test -s conftest
configure:5402: $? = 0
configure:5416: result: yes
configure:5426: checking for pid_t
configure:5456: gcc -c -g -O2  conftest.c >&5
configure:5462: $? = 0
configure:5469: test -z "$ac_c_werror_flag" || test ! -s conftest.err
configure:5472: $? = 0
configure:5479: test -s conftest.o
configure:5482: $? = 0
configure:5494: result: yes
configure:5521: checking vfork.h usability
configure:5538: gcc -c -g -O2  conftest.c >&5
conftest.c:57:10: fatal error: vfork.h: No such file or directory
   57 | #include <vfork.h>
      |          ^~~~~~~~~
compilation terminated.
configure:5544: $? = 1
configure: failed program was:
| /* confdefs.h.  */
| #define PACKAGE_NAME "jp2a"
| #define PACKAGE_TARNAME "jp2a"
| #define PACKAGE_VERSION "1.0.6"
| #define PACKAGE_STRING "jp2a 1.0.6"
| #define PACKAGE_BUGREPORT "csl@sublevel3.org"
| #define PACKAGE "jp2a"
| #define VERSION "1.0.6"
| #define STDC_HEADERS 1
| #define HAVE_SYS_TYPES_H 1
| #define HAVE_SYS_STAT_H 1
| #define HAVE_STDLIB_H 1
| #define HAVE_STRING_H 1
| #define HAVE_MEMORY_H 1
| #define HAVE_STRINGS_H 1
| #define HAVE_INTTYPES_H 1
| #define HAVE_STDINT_H 1
| #define HAVE_UNISTD_H 1
| #define HAVE_JPEGLIB_H 1
| #define HAVE_FCNTL_H 1
| #define HAVE_MEMSET 1
| #define HAVE_ATEXIT 1
| /* end confdefs.h.  */
| #include <stdio.h>
| #if HAVE_SYS_TYPES_H
| # include <sys/types.h>
| #endif
| #if HAVE_SYS_STAT_H
| # include <sys/stat.h>
| #endif
| #if STDC_HEADERS
| # include <stdlib.h>
| # include <stddef.h>
| #else
| # if HAVE_STDLIB_H
| #  include <stdlib.h>
| # endif
| #endif
| #if HAVE_STRING_H
| # if !STDC_HEADERS && HAVE_MEMORY_H
| #  include <memory.h>
| # endif
| # include <string.h>
| #endif
| #if HAVE_STRINGS_H
| # include <strings.h>
| #endif
| #if HAVE_INTTYPES_H
| # include <inttypes.h>
| #endif
| #if HAVE_STDINT_H
| # include <stdint.h>
| #endif
| #if HAVE_UNISTD_H
| # include <unistd.h>
| #endif
| #include <vfork.h>
configure:5575: result: no
configure:5579: checking vfork.h presence
configure:5594: gcc -E  conftest.c
conftest.c:24:10: fatal error: vfork.h: No such file or directory
   24 | #include <vfork.h>
      |          ^~~~~~~~~
compilation terminated.
configure:5600: $? = 1
configure: failed program was:
| /* confdefs.h.  */
| #define PACKAGE_NAME "jp2a"
| #define PACKAGE_TARNAME "jp2a"
| #define PACKAGE_VERSION "1.0.6"
| #define PACKAGE_STRING "jp2a 1.0.6"
| #define PACKAGE_BUGREPORT "csl@sublevel3.org"
| #define PACKAGE "jp2a"
| #define VERSION "1.0.6"
| #define STDC_HEADERS 1
| #define HAVE_SYS_TYPES_H 1
| #define HAVE_SYS_STAT_H 1
| #define HAVE_STDLIB_H 1
| #define HAVE_STRING_H 1
| #define HAVE_MEMORY_H 1
| #define HAVE_STRINGS_H 1
| #define HAVE_INTTYPES_H 1
| #define HAVE_STDINT_H 1
| #define HAVE_UNISTD_H 1
| #define HAVE_JPEGLIB_H 1
| #define HAVE_FCNTL_H 1
| #define HAVE_MEMSET 1
| #define HAVE_ATEXIT 1
| /* end confdefs.h.  */
| #include <vfork.h>
configure:5621: result: no
configure:5654: checking for vfork.h
configure:5662: result: no
configure:5680: checking for fork
configure:5736: gcc -o conftest -g -O2   conftest.c  -ljpeg >&5
conftest.c:47:6: warning: conflicting types for built-in function 'fork'; expected 'int(void)' [-Wbuiltin-declaration-mismatch]
   47 | char fork ();
      |      ^~~~
configure:5742: $? = 0
configure:5749: test -z "$ac_c_werror_flag" || test ! -s conftest.err
configure:5752: $? = 0
configure:5759: test -s conftest
configure:5762: $? = 0
configure:5776: result: yes
configure:5680: checking for vfork
configure:5736: gcc -o conftest -g -O2   conftest.c  -ljpeg >&5
configure:5742: $? = 0
configure:5749: test -z "$ac_c_werror_flag" || test ! -s conftest.err
configure:5752: $? = 0
configure:5759: test -s conftest
configure:5762: $? = 0
configure:5776: result: yes
configure:5787: checking for working fork
configure:5819: gcc -o conftest -g -O2   conftest.c  -ljpeg >&5
configure:5822: $? = 0
configure:5828: ./conftest
configure:5831: $? = 0
configure:5847: result: yes
configure:5868: checking for working vfork
configure:6006: result: yes
configure:6037: checking for pid_t
configure:6105: result: yes
configure:6118: checking for inline
configure:6144: gcc -c -g -O2  conftest.c >&5
configure:6150: $? = 0
configure:6157: test -z "$ac_c_werror_flag" || test ! -s conftest.err
configure:6160: $? = 0
configure:6167: test -s conftest.o
configure:6170: $? = 0
configure:6185: result: inline
configure:6209: checking for stdlib.h
configure:6215: result: yes
configure:6373: checking for GNU libc compatible malloc
configure:6407: gcc -o conftest -g -O2   conftest.c  -ljpeg >&5
configure:6410: $? = 0
configure:6416: ./conftest
configure:6419: $? = 0
configure:6435: result: yes
configure:6569: creating ./config.status

## ---------------------- ##
## Running config.status. ##
## ---------------------- ##

This file was extended by jp2a config.status 1.0.6, which was
generated by GNU Autoconf 2.60.  Invocation command line was

  CONFIG_FILES    = 
  CONFIG_HEADERS  = 
  CONFIG_LINKS    = 
  CONFIG_COMMANDS = 
  $ ./config.status 

on DESKTOP-8N9R47Q

config.status:622: creating Makefile
config.status:622: creating src/Makefile
config.status:622: creating config.h
config.status:898: executing depfiles commands

## ---------------- ##
## Cache variables. ##
## ---------------- ##

ac_cv_c_compiler_gnu=yes
ac_cv_c_const=yes
ac_cv_c_inline=inline
ac_cv_env_CC_set=
ac_cv_env_CC_value=
ac_cv_env_CFLAGS_set=
ac_cv_env_CFLAGS_value=
ac_cv_env_CPPFLAGS_set=
ac_cv_env_CPPFLAGS_value=
ac_cv_env_CPP_set=
ac_cv_env_CPP_value=
ac_cv_env_LDFLAGS_set=
ac_cv_env_LDFLAGS_value=
ac_cv_env_build_alias_set=
ac_cv_env_build_alias_value=
ac_cv_env_host_alias_set=
ac_cv_env_host_alias_value=
ac_cv_env_target_alias_set=
ac_cv_env_target_alias_value=
ac_cv_func_atexit=yes
ac_cv_func_fork=yes
ac_cv_func_fork_works=yes
ac_cv_func_malloc_0_nonnull=yes
ac_cv_func_memset=yes
ac_cv_func_vfork=yes
ac_cv_func_vfork_works=yes
ac_cv_header_curses_h=no
ac_cv_header_fcntl_h=yes
ac_cv_header_inttypes_h=yes
ac_cv_header_jpeglib_h=yes
ac_cv_header_memory_h=yes
ac_cv_header_ncurses_term_h=no
ac_cv_header_stdc=yes
ac_cv_header_stdint_h=yes
ac_cv_header_stdlib_h=yes
ac_cv_header_string_h=yes
ac_cv_header_strings_h=yes
ac_cv_header_sys_stat_h=yes
ac_cv_header_sys_types_h=yes
ac_cv_header_term_h=no
ac_cv_header_unistd_h=yes
ac_cv_header_vfork_h=no
ac_cv_lib_curl_curl_easy_init=no
ac_cv_lib_curses___tgetent=no
ac_cv_lib_jpeg_jpeg_start_decompress=yes
ac_cv_lib_ncurses___tgetent=no
ac_cv_lib_termcap___tgetent=no
ac_cv_lib_terminfo___tgetent=no
ac_cv_lib_termlib___tgetent=no
ac_cv_objext=o
ac_cv_path_EGREP='/usr/bin/grep -E'
ac_cv_path_GREP=/usr/bin/grep
ac_cv_path_install='/usr/bin/install -c'
ac_cv_prog_AWK=gawk
ac_cv_prog_CPP='gcc -E'
ac_cv_prog_ac_ct_CC=gcc
ac_cv_prog_cc_c89=
ac_cv_prog_cc_g=yes
ac_cv_prog_make_make_set=yes
ac_cv_type_pid_t=yes
ac_cv_type_size_t=yes
am_cv_CC_dependencies_compiler_type=gcc3

## ----------------- ##
## Output variables. ##
## ----------------- ##

ACLOCAL='${SHELL} /home/snehadip/mtech_user/cs26mt010/lab3/task1/jp2a-1.0.6/missing --run aclocal-1.9'
AMDEPBACKSLASH='\'
AMDEP_FALSE='#'
AMDEP_TRUE=''
AMTAR='${SHELL} /home/snehadip/mtech_user/cs26mt010/lab3/task1/jp2a-1.0.6/missing --run tar'
AUTOCONF='${SHELL} /home/snehadip/mtech_user/cs26mt010/lab3/task1/jp2a-1.0.6/missing --run autoconf'
AUTOHEADER='${SHELL} /home/snehadip/mtech_user/cs26mt010/lab3/task1/jp2a-1.0.6/missing --run autoheader'
AUTOMAKE='${SHELL} /home/snehadip/mtech_user/cs26mt010/lab3/task1/jp2a-1.0.6/missing --run automake-1.9'
AWK='gawk'
CC='gcc'
CCDEPMODE='depmode=gcc3'
CFLAGS='-g -O2'
CPP='gcc -E'
CPPFLAGS=''
CYGPATH_W='echo'
DEFS='-DHAVE_CONFIG_H'
DEPDIR='.deps'
ECHO_C=''
ECHO_N='-n'
ECHO_T=''
EGREP='/usr/bin/grep -E'
EXEEXT=''
GREP='/usr/bin/grep'
INSTALL_DATA='${INSTALL} -m 644'
INSTALL_PROGRAM='${INSTALL}'
INSTALL_SCRIPT='${INSTALL}'
INSTALL_STRIP_PROGRAM='${SHELL} $(install_sh) -c -s'
LDFLAGS=''
LIBOBJS=''
LIBS=' -ljpeg'
LTLIBOBJS=''
MAKEINFO='${SHELL} /home/snehadip/mtech_user/cs26mt010/lab3/task1/jp2a-1.0.6/missing --run makeinfo'
OBJEXT='o'
PACKAGE='jp2a'
PACKAGE_BUGREPORT='csl@sublevel3.org'
PACKAGE_NAME='jp2a'
PACKAGE_STRING='jp2a 1.0.6'
PACKAGE_TARNAME='jp2a'
PACKAGE_VERSION='1.0.6'
PATH_SEPARATOR=':'
SET_MAKE=''
SHELL='/bin/bash'
STRIP=''
VERSION='1.0.6'
ac_ct_CC='gcc'
am__fastdepCC_FALSE='#'
am__fastdepCC_TRUE=''
am__include='include'
am__leading_dot='.'
am__quote=''
am__tar='${AMTAR} chof - "$$tardir"'
am__untar='${AMTAR} xf -'
bindir='${exec_prefix}/bin'
build_alias=''
curl_config='no'
datadir='${datarootdir}'
datarootdir='${prefix}/share'
docdir='${datarootdir}/doc/${PACKAGE_TARNAME}'
dvidir='${docdir}'
exec_prefix='${prefix}'
host_alias=''
htmldir='${docdir}'
includedir='${prefix}/include'
infodir='${datarootdir}/info'
install_sh='/home/snehadip/mtech_user/cs26mt010/lab3/task1/jp2a-1.0.6/install-sh'
libdir='${exec_prefix}/lib'
libexecdir='${exec_prefix}/libexec'
localedir='${datarootdir}/locale'
localstatedir='${prefix}/var'
mandir='${datarootdir}/man'
mkdir_p='mkdir -p --'
oldincludedir='/usr/include'
pdfdir='${docdir}'
prefix='/home/snehadip/mtech_user/cs26mt010/lab3/task1/jp2a-1.0.6'
program_transform_name='s,x,x,'
psdir='${docdir}'
sbindir='${exec_prefix}/sbin'
sharedstatedir='${prefix}/com'
sysconfdir='${prefix}/etc'
target_alias=''

## ----------- ##
## confdefs.h. ##
## ----------- ##

#define PACKAGE_NAME "jp2a"
#define PACKAGE_TARNAME "jp2a"
#define PACKAGE_VERSION "1.0.6"
#define PACKAGE_STRING "jp2a 1.0.6"
#define PACKAGE_BUGREPORT "csl@sublevel3.org"
#define PACKAGE "jp2a"
#define VERSION "1.0.6"
#define STDC_HEADERS 1
#define HAVE_SYS_TYPES_H 1
#define HAVE_SYS_STAT_H 1
#define HAVE_STDLIB_H 1
#define HAVE_STRING_H 1
#define HAVE_MEMORY_H 1
#define HAVE_STRINGS_H 1
#define HAVE_INTTYPES_H 1
#define HAVE_STDINT_H 1
#define HAVE_UNISTD_H 1
#define HAVE_JPEGLIB_H 1
#define HAVE_FCNTL_H 1
#define HAVE_MEMSET 1
#define HAVE_ATEXIT 1
#define HAVE_FORK 1
#define HAVE_VFORK 1
#define HAVE_WORKING_VFORK 1
#define HAVE_WORKING_FORK 1
#define HAVE_STDLIB_H 1
#define HAVE_MALLOC 1

configure: exit 0
